================================================================================
检查时间：2026-07-30 09:43:15
总主机数：688
不稳定主机：7
离线主机：70
================================================================================

【离线主机】

APT-LV-SH015
APT-LV-SH019
APT-LV-SH027
APT-LV-SH033
APT-LV-SH039
APT-LV-SH041
APT-LV-SH044
APT-LV-SH045
APT-LV-SH047
APT-LV-SH048
APT-LV-SH050
APT-LV-SH051
APT-LV-SH063
APT-LV-SH065
APT-LV-SH067
APT-LV-SH070
APT-LV-SH072
APT-LV-SH074
APT-LV-SH076
APT-LV-SH077
APT-LV-SH079
APT-LV-SH083
APT-LV-SH085
APT-LV-SH087
APT-LV-SH094
APT-LV-SH111
APT-LV-SH112
APT-LV-SH116
APT-LV-SH117
APT-LV-SH134
APT-LV-SH142
APT-LV-SH161
APT-LV-SH164
APT-LV-SH184
APT-LV-SH188
APT-LV-SH195
APT-LV-SH197
APT-LV-SH198
APT-LV-SH202
APT-LV-SH203
APT-LV-SH269
APT-LV-SH277
APT-LV-SH301
APT-LV-SH304
APT-LV-SH328
APT-LV-SH347
APT-LV-SH348
APT-LV-SH386
APT-LV-SH448
APT-LV-SH492
APT-LV-SH496
APT-LV-SH514
APT-LV-SH546
APT-LV-SH562
APT-LV-SH606
APT-LV-SH610
APT-LV-SH782
APT-LV-SH794
APT-SH-GV-001
APT-SH-GV-002
APT-SH-GV-004
APT-SH-GV-005
APT-SH-GV-006
APT-SH-GV-007
APT-SH-GV-007.QUALCOMM.COM
APT-SH-GV-008
APT-SH-GV-009
APT-SH-GV-009.QUALCOMM.COM
APT-SH-GV-011
APT-SH-LV02


================================================================================
【不稳定主机】
================================================================================

主机：APT-LV-SH236
--------------------------------------------------------------------------------

正在 Ping apt-lv-sh236.ap.qualcomm.com [10.239.130.23] 具有 32 字节的数据:
请求超时。
来自 10.239.130.23 的回复: 字节=32 时间=1ms TTL=128
请求超时。

10.239.130.23 的 Ping 统计信息:
    数据包: 已发送 = 3，已接收 = 1，丢失 = 2 (66% 丢失)，
往返行程的估计时间(以毫秒为单位):
    最短 = 1ms，最长 = 1ms，平均 = 1ms

================================================================================

主机：APT-LV-SH298
--------------------------------------------------------------------------------

正在 Ping apt-lv-sh298.ap.qualcomm.com [10.239.130.198] 具有 32 字节的数据:
来自 10.239.130.198 的回复: 字节=32 时间<1ms TTL=128
来自 10.239.130.198 的回复: 字节=32 时间<1ms TTL=128
来自 10.239.130.198 的回复: 字节=32 时间<1ms TTL=128

10.239.130.198 的 Ping 统计信息:
    数据包: 已发送 = 3，已接收 = 3，丢失 = 0 (0% 丢失)，
往返行程的估计时间(以毫秒为单位):
    最短 = 0ms，最长 = 0ms，平均 = 0ms

================================================================================

主机：APT-LV-SH299
--------------------------------------------------------------------------------

正在 Ping apt-lv-sh299.ap.qualcomm.com [10.239.130.135] 具有 32 字节的数据:
来自 10.239.130.135 的回复: 字节=32 时间<1ms TTL=128
来自 10.239.130.135 的回复: 字节=32 时间<1ms TTL=128
来自 10.239.130.135 的回复: 字节=32 时间<1ms TTL=128

10.239.130.135 的 Ping 统计信息:
    数据包: 已发送 = 3，已接收 = 3，丢失 = 0 (0% 丢失)，
往返行程的估计时间(以毫秒为单位):
    最短 = 0ms，最长 = 0ms，平均 = 0ms

================================================================================

主机：APT-LV-SH306
--------------------------------------------------------------------------------

正在 Ping apt-lv-sh306.ap.qualcomm.com [10.239.130.92] 具有 32 字节的数据:
来自 10.239.130.92 的回复: 字节=32 时间<1ms TTL=128
来自 10.239.130.92 的回复: 字节=32 时间=1ms TTL=128
来自 10.239.130.92 的回复: 字节=32 时间<1ms TTL=128

10.239.130.92 的 Ping 统计信息:
    数据包: 已发送 = 3，已接收 = 3，丢失 = 0 (0% 丢失)，
往返行程的估计时间(以毫秒为单位):
    最短 = 0ms，最长 = 1ms，平均 = 0ms

================================================================================

主机：APT-LV-SH307
--------------------------------------------------------------------------------

正在 Ping apt-lv-sh307.ap.qualcomm.com [10.239.130.26] 具有 32 字节的数据:
来自 10.239.130.26 的回复: 字节=32 时间<1ms TTL=128
来自 10.239.130.26 的回复: 字节=32 时间<1ms TTL=128
来自 10.239.130.26 的回复: 字节=32 时间<1ms TTL=128

10.239.130.26 的 Ping 统计信息:
    数据包: 已发送 = 3，已接收 = 3，丢失 = 0 (0% 丢失)，
往返行程的估计时间(以毫秒为单位):
    最短 = 0ms，最长 = 0ms，平均 = 0ms

================================================================================

主机：APT-LV-SH313
--------------------------------------------------------------------------------

正在 Ping apt-lv-sh313.ap.qualcomm.com [10.239.131.29] 具有 32 字节的数据:
来自 10.239.131.29 的回复: 字节=32 时间<1ms TTL=128
来自 10.239.131.29 的回复: 字节=32 时间=1ms TTL=128
来自 10.239.131.29 的回复: 字节=32 时间<1ms TTL=128

10.239.131.29 的 Ping 统计信息:
    数据包: 已发送 = 3，已接收 = 3，丢失 = 0 (0% 丢失)，
往返行程的估计时间(以毫秒为单位):
    最短 = 0ms，最长 = 1ms，平均 = 0ms

================================================================================

主机：APT-LV-SH319
--------------------------------------------------------------------------------

正在 Ping apt-lv-sh319.ap.qualcomm.com [10.239.131.90] 具有 32 字节的数据:
来自 10.239.131.90 的回复: 字节=32 时间<1ms TTL=128
来自 10.239.131.90 的回复: 字节=32 时间=1ms TTL=128
来自 10.239.131.90 的回复: 字节=32 时间<1ms TTL=128

10.239.131.90 的 Ping 统计信息:
    数据包: 已发送 = 3，已接收 = 3，丢失 = 0 (0% 丢失)，
往返行程的估计时间(以毫秒为单位):
    最短 = 0ms，最长 = 1ms，平均 = 0ms

================================================================================

