================================================================================
检查时间：2026-07-29 11:59:57
总主机数：689
不稳定主机：0
离线主机：74
================================================================================

【离线主机】

APT-LV-SH015
APT-LV-SH019
APT-LV-SH027
APT-LV-SH033
APT-LV-SH039
APT-LV-SH041
APT-LV-SH044
APT-LV-SH045
APT-LV-SH047
APT-LV-SH048
APT-LV-SH050
APT-LV-SH051
APT-LV-SH063
APT-LV-SH065
APT-LV-SH067
APT-LV-SH070
APT-LV-SH072
APT-LV-SH074
APT-LV-SH076
APT-LV-SH077
APT-LV-SH079
APT-LV-SH083
APT-LV-SH085
APT-LV-SH087
APT-LV-SH094
APT-LV-SH106
APT-LV-SH112
APT-LV-SH116
APT-LV-SH117
APT-LV-SH134
APT-LV-SH142
APT-LV-SH161
APT-LV-SH164
APT-LV-SH184
APT-LV-SH188
APT-LV-SH195
APT-LV-SH197
APT-LV-SH198
APT-LV-SH202
APT-LV-SH203
APT-LV-SH210
APT-LV-SH269
APT-LV-SH277
APT-LV-SH301
APT-LV-SH304
APT-LV-SH307
APT-LV-SH328
APT-LV-SH347
APT-LV-SH348
APT-LV-SH382
APT-LV-SH386
APT-LV-SH448
APT-LV-SH492
APT-LV-SH496
APT-LV-SH514
APT-LV-SH546
APT-LV-SH562
APT-LV-SH606
APT-LV-SH610
APT-LV-SH782
APT-LV-SH794
APT-LV-SHXXX
APT-SH-GV-001
APT-SH-GV-002
APT-SH-GV-004
APT-SH-GV-005
APT-SH-GV-006
APT-SH-GV-007
APT-SH-GV-007.QUALCOMM.COM
APT-SH-GV-008
APT-SH-GV-009
APT-SH-GV-009.QUALCOMM.COM
APT-SH-GV-011
APT-SH-LV02


================================================================================
【不稳定主机】
================================================================================

无
